// Jest Snapshot v1, https://goo.gl/fbAQLP

exports[`snowpack-plugin-less returns the compiled Less result: styles.less 1`] = `
"a {
  color: #444;
}
"
`;
